TAP version 13
# Subtest: animal world/local coordinates roundtrip around the same scaled pond center
ok 1 - animal world/local coordinates roundtrip around the same scaled pond center
  ---
  duration_ms: 0.79
  type: 'test'
  ...
# Subtest: landing arc starts and ends at the moving support, with zero extra endpoint velocity
ok 2 - landing arc starts and ends at the moving support, with zero extra endpoint velocity
  ---
  duration_ms: 0.6589
  type: 'test'
  ...
# Subtest: support heading takes the short turn across the angle seam
ok 3 - support heading takes the short turn across the angle seam
  ---
  duration_ms: 0.1236
  type: 'test'
  ...
# Subtest: turtle complete route reserves a body radius plus bank margin at every pond scale
ok 4 - turtle complete route reserves a body radius plus bank margin at every pond scale
  ---
  duration_ms: 75.0682
  type: 'test'
  ...
# Subtest: the turtle route completes continuously with matching entry and exit tangents
ok 5 - the turtle route completes continuously with matching entry and exit tangents
  ---
  duration_ms: 0.6701
  type: 'test'
  ...
# Subtest: full affine child matrices cancel the nonuniform pond parent and preserve world normals
ok 6 - full affine child matrices cancel the nonuniform pond parent and preserve world normals
  ---
  duration_ms: 980.3274
  type: 'test'
  ...
# Subtest: shared lily geometry keeps curvature, upward normals and a perch inside the actual triangles
ok 7 - shared lily geometry keeps curvature, upward normals and a perch inside the actual triangles
  ---
  duration_ms: 2.0227
  type: 'test'
  ...
# Subtest: real resting frog follows its curved leaf position and sampled normal at all scales
ok 8 - real resting frog follows its curved leaf position and sampled normal at all scales
  ---
  duration_ms: 22.0808
  type: 'test'
  ...
# Subtest: real frog jump retargets the wave-moved landing pad and emits exactly one landing impulse
ok 9 - real frog jump retargets the wave-moved landing pad and emits exactly one landing impulse
  ---
  duration_ms: 3.3555
  type: 'test'
  ...
# Subtest: real dragonfly transitions to a moving perch continuously and stays attached through wind
ok 10 - real dragonfly transitions to a moving perch continuously and stays attached through wind
  ---
  duration_ms: 4.4467
  type: 'test'
  ...
# Subtest: real turtle tracks shared surface depth, stays inside the shore margin and returns continuously
ok 11 - real turtle tracks shared surface depth, stays inside the shore margin and returns continuously
  ---
  duration_ms: 153.6139
  type: 'test'
  ...
# Subtest: zero timestep freezes every actor pose, timer and impulse; reset reproduces the ecosystem start
ok 12 - zero timestep freezes every actor pose, timer and impulse; reset reproduces the ecosystem start
  ---
  duration_ms: 1.3028
  type: 'test'
  ...
# Subtest: scene import validates ranges, finite numbers and known weather
ok 13 - scene import validates ranges, finite numbers and known weather
  ---
  duration_ms: 0.8683
  type: 'test'
  ...
# Subtest: experiment weights validate independently and do not enter persisted scene settings
ok 14 - experiment weights validate independently and do not enter persisted scene settings
  ---
  duration_ms: 1.2893
  type: 'test'
  ...
# Subtest: pond boundary remains outside safe swimming domain at different scales
ok 15 - pond boundary remains outside safe swimming domain at different scales
  ---
  duration_ms: 1.2472
  type: 'test'
  ...
# Subtest: partial experiment edits retain v5 defaults and independently control overlays
ok 16 - partial experiment edits retain v5 defaults and independently control overlays
  ---
  duration_ms: 1.8689
  type: 'test'
  ...
# Subtest: invalid edits reject without modifying the previous experiment
ok 17 - invalid edits reject without modifying the previous experiment
  ---
  duration_ms: 0.2858
  type: 'test'
  ...
# Subtest: replay duration is bounded and trajectory signature distinguishes observed movement
ok 18 - replay duration is bounded and trajectory signature distinguishes observed movement
  ---
  duration_ms: 1.3556
  type: 'test'
  ...
# Subtest: A and B use a common captured scenario while retaining changed B parameters
ok 19 - A and B use a common captured scenario while retaining changed B parameters
  ---
  duration_ms: 4.3256
  type: 'test'
  ...
# Subtest: same parameters reproduce the same trajectory signature and endpoint
ok 20 - same parameters reproduce the same trajectory signature and endpoint
  ---
  duration_ms: 0.7498
  type: 'test'
  ...
# Subtest: overlays draw applied directions and all three physical approximation spheres independently
ok 21 - overlays draw applied directions and all three physical approximation spheres independently
  ---
  duration_ms: 0.6038
  type: 'test'
  ...
# Subtest: changed habitat invalidates comparisons and unbound model rejects replay capture
ok 22 - changed habitat invalidates comparisons and unbound model rejects replay capture
  ---
  duration_ms: 0.7922
  type: 'test'
  ...
# Subtest: snapshot detaches positions and headings from mutable scene nodes
ok 23 - snapshot detaches positions and headings from mutable scene nodes
  ---
  duration_ms: 1.6138
  type: 'test'
  ...
# Subtest: Boids separation steers close fish away, alignment/cohesion respond to neighbours
ok 24 - Boids separation steers close fish away, alignment/cohesion respond to neighbours
  ---
  duration_ms: 0.5446
  type: 'test'
  ...
# Subtest: Boids steering is invariant to neighbour update order
ok 25 - Boids steering is invariant to neighbour update order
  ---
  duration_ms: 0.3972
  type: 'test'
  ...
# Subtest: coincident fish get opposite finite separation; distant/deep fish do not repel
ok 26 - coincident fish get opposite finite separation; distant/deep fish do not repel
  ---
  duration_ms: 0.2654
  type: 'test'
  ...
# Subtest: signed shoreline distances and gradients point outward at every pond scale
ok 27 - signed shoreline distances and gradients point outward at every pond scale
  ---
  duration_ms: 2.1807
  type: 'test'
  ...
# Subtest: predictive shoreline steering reacts before the body crosses the bank
ok 28 - predictive shoreline steering reacts before the body crosses the bank
  ---
  duration_ms: 0.4659
  type: 'test'
  ...
# Subtest: turning follows the shortest wrapped angle and limits angular acceleration
ok 29 - turning follows the shortest wrapped angle and limits angular acceleration
  ---
  duration_ms: 0.5914
  type: 'test'
  ...
# Subtest: lowering turn limits brakes momentum gradually and dt=0 preserves orientation
ok 30 - lowering turn limits brakes momentum gradually and dt=0 preserves orientation
  ---
  duration_ms: 0.9845
  type: 'test'
  ...
# Subtest: three spine spheres detect head/tail overlap beyond root sphere radius
ok 31 - three spine spheres detect head/tail overlap beyond root sphere radius
  ---
  duration_ms: 0.9562
  type: 'test'
  ...
# Subtest: body collision is symmetric, bounded and reduces overlap
ok 32 - body collision is symmetric, bounded and reduces overlap
  ---
  duration_ms: 1.0455
  type: 'test'
  ...
# Subtest: coincident crowded fish resolve finitely without drifting the school centroid
ok 33 - coincident crowded fish resolve finitely without drifting the school centroid
  ---
  duration_ms: 1.6216
  type: 'test'
  ...
# Subtest: vertically separated bodies do not receive horizontal collision impulses
ok 34 - vertically separated bodies do not receive horizontal collision impulses
  ---
  duration_ms: 0.2418
  type: 'test'
  ...
# Subtest: float anchor moves in the prescribed wind direction with consistent timestep integration
ok 35 - float anchor moves in the prescribed wind direction with consistent timestep integration
  ---
  duration_ms: 1.8064
  type: 'test'
  ...
# Subtest: zero wind and zero time preserve the anchor; blocked drift cannot cross a bank
ok 36 - zero wind and zero time preserve the anchor; blocked drift cannot cross a bank
  ---
  duration_ms: 0.2058
  type: 'test'
  ...
# Subtest: advected material coordinate and world height sample agree while horizontal orbit changes
ok 37 - advected material coordinate and world height sample agree while horizontal orbit changes
  ---
  duration_ms: 7.6158
  type: 'test'
  ...
# Subtest: water transmission follows large canvas detail while distant reflection remains bounded
ok 38 - water transmission follows large canvas detail while distant reflection remains bounded
  ---
  duration_ms: 0.4958
  type: 'test'
  ...
# Subtest: water targets respect texture limits and cap extreme portrait allocation
ok 39 - water targets respect texture limits and cap extreme portrait allocation
  ---
  duration_ms: 0.5846
  type: 'test'
  ...
# Subtest: binding validates world polygon/water/obstacles and normalizes feed height without aliasing input
ok 40 - binding validates world polygon/water/obstacles and normalizes feed height without aliasing input
  ---
  duration_ms: 2.0973
  type: 'test'
  ...
# Subtest: self crossing, repeated/touching edges, degenerate and oversized polygons are rejected
ok 41 - self crossing, repeated/touching edges, degenerate and oversized polygons are rejected
  ---
  duration_ms: 0.4537
  type: 'test'
  ...
# Subtest: invalid water/depth/feed/obstacle values fail before binding application
ok 42 - invalid water/depth/feed/obstacle values fail before binding application
  ---
  duration_ms: 0.5891
  type: 'test'
  ...
# Subtest: concave polygons classify their cutout correctly and accept the boundary
ok 43 - concave polygons classify their cutout correctly and accept the boundary
  ---
  duration_ms: 0.336
  type: 'test'
  ...
# Subtest: polygon distance gradients stay outward for clockwise/counterclockwise and translated shorelines
ok 44 - polygon distance gradients stay outward for clockwise/counterclockwise and translated shorelines
  ---
  duration_ms: 0.2415
  type: 'test'
  ...
# Subtest: imported shoreline uses its world polygon and predicts avoidance before crossing
ok 45 - imported shoreline uses its world polygon and predicts avoidance before crossing
  ---
  duration_ms: 0.9059
  type: 'test'
  ...
# Subtest: deterministic spawns fit whole three-ball footprints and avoid imported cylinders
ok 46 - deterministic spawns fit whole three-ball footprints and avoid imported cylinders
  ---
  duration_ms: 27.4078
  type: 'test'
  ...
# Subtest: projection remains inside concave shore and outside cylinders including a bank obstacle
ok 47 - projection remains inside concave shore and outside cylinders including a bank obstacle
  ---
  duration_ms: 0.8889
  type: 'test'
  ...
# Subtest: regions that cannot fit a fish footprint fail rather than silently spawning outside
ok 48 - regions that cannot fit a fish footprint fail rather than silently spawning outside
  ---
  duration_ms: 1.5941
  type: 'test'
  ...
# Subtest: debug body spheres match actual collision shape and predictive cylinders produce finite steering
ok 49 - debug body spheres match actual collision shape and predictive cylinders produce finite steering
  ---
  duration_ms: 0.9576
  type: 'test'
  ...
# Spine derivative: 7236 cases, maximum error 2.8414684534461276e-7
# Subtest: analytic traveling-wave and turn-bend slope matches central differences
ok 50 - analytic traveling-wave and turn-bend slope matches central differences
  ---
  duration_ms: 9.0006
  type: 'test'
  ...
# Subtest: mouth and anterior body receive no traveling-wave or turn displacement
ok 51 - mouth and anterior body receive no traveling-wave or turn displacement
  ---
  duration_ms: 0.3692
  type: 'test'
  ...
# Subtest: inverse-transpose normal stays perpendicular to deformed tangents
ok 52 - inverse-transpose normal stays perpendicular to deformed tangents
  ---
  duration_ms: 0.205
  type: 'test'
  ...
# Subtest: a traveling-wave crest moves from positive-x head toward negative-x tail
ok 53 - a traveling-wave crest moves from positive-x head toward negative-x tail
  ---
  duration_ms: 0.7515
  type: 'test'
  ...
# Subtest: normal-correction experiment preserves shape while toggling the inverse transpose
ok 54 - normal-correction experiment preserves shape while toggling the inverse transpose
  ---
  duration_ms: 1.0478
  type: 'test'
  ...
# Subtest: display interpolation blends pose and uniforms while restoring the current simulation
ok 55 - display interpolation blends pose and uniforms while restoring the current simulation
  ---
  duration_ms: 3.7417
  type: 'test'
  ...
# Subtest: world interpolation under nonuniform parents preserves affine shear and restores its exact matrix
ok 56 - world interpolation under nonuniform parents preserves affine shear and restores its exact matrix
  ---
  duration_ms: 2.1722
  type: 'test'
  ...
# Subtest: a failed render restores simulation poses and leaves reset history without an old transition
ok 57 - a failed render restores simulation poses and leaves reset history without an old transition
  ---
  duration_ms: 0.2888
  type: 'test'
  ...
# Subtest: a centred impulse is radial and the next stencil propagates height to its neighbours
ok 58 - a centred impulse is radial and the next stencil propagates height to its neighbours
  ---
  duration_ms: 2.6113
  type: 'test'
  ...
# Subtest: bank mask keeps land exactly dry and the stencil reflects instead of draining into it
ok 59 - bank mask keeps land exactly dry and the stencil reflects instead of draining into it
  ---
  duration_ms: 0.2837
  type: 'test'
  ...
# Subtest: sampling uses the same pixel-centre bilinear convention as the GPU texture
ok 60 - sampling uses the same pixel-centre bilinear convention as the GPU texture
  ---
  duration_ms: 0.3473
  type: 'test'
  ...
# Subtest: fixed impulse schedule reproduces identical height and velocity fields
ok 61 - fixed impulse schedule reproduces identical height and velocity fields
  ---
  duration_ms: 17.1086
  type: 'test'
  ...
# Subtest: height and velocity remain bounded for a strong repeated disturbance
ok 62 - height and velocity remain bounded for a strong repeated disturbance
  ---
  duration_ms: 7.7331
  type: 'test'
  ...
# Subtest: reset clears both ping-pong buffers and subsequent samples
ok 63 - reset clears both ping-pong buffers and subsequent samples
  ---
  duration_ms: 0.4123
  type: 'test'
  ...
# Subtest: rest-coordinate inverse sampling keeps local ripples aligned with Gerstner displacement
ok 64 - rest-coordinate inverse sampling keeps local ripples aligned with Gerstner displacement
  ---
  duration_ms: 0.6588
  type: 'test'
  ...
# Subtest: 5/20/60/120 Hz render schedules advance exactly the same fixed ticks
ok 65 - 5/20/60/120 Hz render schedules advance exactly the same fixed ticks
  ---
  duration_ms: 4.6614
  type: 'test'
  ...
# Subtest: sub-tick render frames retain fractional time and expose interpolation alpha
ok 66 - sub-tick render frames retain fractional time and expose interpolation alpha
  ---
  duration_ms: 0.2297
  type: 'test'
  ...
# Subtest: pause and inactive intervals clear fractional backlog without replaying it
ok 67 - pause and inactive intervals clear fractional backlog without replaying it
  ---
  duration_ms: 0.1629
  type: 'test'
  ...
# Subtest: a long stall has bounded work and explicitly accounts for discarded time
ok 68 - a long stall has bounded work and explicitly accounts for discarded time
  ---
  duration_ms: 0.243
  type: 'test'
  ...
# Subtest: reset restores clock counters and invalid durations fail before ticking
ok 69 - reset restores clock counters and invalid durations fail before ticking
  ---
  duration_ms: 1.1209
  type: 'test'
  ...
# Subtest: tail source follows spine phase and transforms equivariantly with heading and translation
ok 70 - tail source follows spine phase and transforms equivariantly with heading and translation
  ---
  duration_ms: 0.9913
  type: 'test'
  ...
# Subtest: surface coupling suppresses stopped/deep fish and decreases continuously with immersion
ok 71 - surface coupling suppresses stopped/deep fish and decreases continuously with immersion
  ---
  duration_ms: 0.3701
  type: 'test'
  ...
# Subtest: tail dipole uses opposite sources and flips sign with each half stroke
ok 72 - tail dipole uses opposite sources and flips sign with each half stroke
  ---
  duration_ms: 0.1599
  type: 'test'
  ...
# Subtest: paired wake produces both crests and troughs in the shared difference field
ok 73 - paired wake produces both crests and troughs in the shared difference field
  ---
  duration_ms: 15.114
  type: 'test'
  ...
# Subtest: a stationary distant water pass is reused for only one intervening frame
ok 74 - a stationary distant water pass is reused for only one intervening frame
  ---
  duration_ms: 0.438
  type: 'test'
  ...
# Subtest: camera movement and projection changes refresh even on an otherwise skipped frame
ok 75 - camera movement and projection changes refresh even on an otherwise skipped frame
  ---
  duration_ms: 0.2592
  type: 'test'
  ...
# Subtest: resize and explicit invalidation force fresh water targets immediately
ok 76 - resize and explicit invalidation force fresh water targets immediately
  ---
  duration_ms: 0.1547
  type: 'test'
  ...
# Subtest: sphere framing fits its angular silhouette in both desktop and portrait view fields
ok 77 - sphere framing fits its angular silhouette in both desktop and portrait view fields
  ---
  duration_ms: 0.5624
  type: 'test'
  ...
# {"waveDerivativeCases":990,"maxError":3.2460914511922567e-10}
# Subtest: Gerstner analytic tangents agree with displaced surface finite differences
ok 78 - Gerstner analytic tangents agree with displaced surface finite differences
  ---
  duration_ms: 13.8299
  type: 'test'
  ...
# Subtest: Floating surface height inverts the horizontal orbit of all four waves
ok 79 - Floating surface height inverts the horizontal orbit of all four waves
  ---
  duration_ms: 0.8208
  type: 'test'
  ...
# Subtest: Wave parameters use gravity dispersion and remain below surface folding limit
ok 80 - Wave parameters use gravity dispersion and remain below surface folding limit
  ---
  duration_ms: 0.1892
  type: 'test'
  ...
1..80
# tests 80
# suites 0
# pass 80
# fail 0
# cancelled 0
# skipped 0
# todo 0
# duration_ms 1371.8613
