TAP version 13
# Subtest: animal world/local coordinates roundtrip around the same scaled pond center
ok 1 - animal world/local coordinates roundtrip around the same scaled pond center
  ---
  duration_ms: 1.2947
  type: 'test'
  ...
# Subtest: landing arc starts and ends at the moving support, with zero extra endpoint velocity
ok 2 - landing arc starts and ends at the moving support, with zero extra endpoint velocity
  ---
  duration_ms: 1.0316
  type: 'test'
  ...
# Subtest: support heading takes the short turn across the angle seam
ok 3 - support heading takes the short turn across the angle seam
  ---
  duration_ms: 0.1584
  type: 'test'
  ...
# Subtest: turtle complete route reserves a body radius plus bank margin at every pond scale
ok 4 - turtle complete route reserves a body radius plus bank margin at every pond scale
  ---
  duration_ms: 151.2458
  type: 'test'
  ...
# Subtest: the turtle route completes continuously with matching entry and exit tangents
ok 5 - the turtle route completes continuously with matching entry and exit tangents
  ---
  duration_ms: 2.11
  type: 'test'
  ...
# Subtest: full affine child matrices cancel the nonuniform pond parent and preserve world normals
ok 6 - full affine child matrices cancel the nonuniform pond parent and preserve world normals
  ---
  duration_ms: 2906.2829
  type: 'test'
  ...
# Subtest: shared lily geometry keeps curvature, upward normals and a perch inside the actual triangles
ok 7 - shared lily geometry keeps curvature, upward normals and a perch inside the actual triangles
  ---
  duration_ms: 2.1232
  type: 'test'
  ...
# Subtest: real resting frog follows its curved leaf position and sampled normal at all scales
ok 8 - real resting frog follows its curved leaf position and sampled normal at all scales
  ---
  duration_ms: 26.3036
  type: 'test'
  ...
# Subtest: real frog jump retargets the wave-moved landing pad and emits exactly one landing impulse
ok 9 - real frog jump retargets the wave-moved landing pad and emits exactly one landing impulse
  ---
  duration_ms: 5.0441
  type: 'test'
  ...
# Subtest: real dragonfly transitions to a moving perch continuously and stays attached through wind
ok 10 - real dragonfly transitions to a moving perch continuously and stays attached through wind
  ---
  duration_ms: 5.5892
  type: 'test'
  ...
# Subtest: real turtle tracks shared surface depth, stays inside the shore margin and returns continuously
ok 11 - real turtle tracks shared surface depth, stays inside the shore margin and returns continuously
  ---
  duration_ms: 248.9452
  type: 'test'
  ...
# Subtest: zero timestep freezes every actor pose, timer and impulse; reset reproduces the ecosystem start
ok 12 - zero timestep freezes every actor pose, timer and impulse; reset reproduces the ecosystem start
  ---
  duration_ms: 1.7193
  type: 'test'
  ...
# Subtest: real turtle limb poses remain fixed after quaternion render restoration in every behavior
ok 13 - real turtle limb poses remain fixed after quaternion render restoration in every behavior
  ---
  duration_ms: 11.8522
  type: 'test'
  ...
# Subtest: pending display separates fresh point distance from the older physical calibration
ok 14 - pending display separates fresh point distance from the older physical calibration
  ---
  duration_ms: 1.7164
  type: 'test'
  ...
# Subtest: committed display derives length from the record points, never a stale draft metric
ok 15 - committed display derives length from the record points, never a stale draft metric
  ---
  duration_ms: 3.0199
  type: 'test'
  ...
# Subtest: unapplied selections describe scene units and cancellation rather than physical meters
ok 16 - unapplied selections describe scene units and cancellation rather than physical meters
  ---
  duration_ms: 0.4324
  type: 'test'
  ...
# Subtest: camera coefficient preserves the 60 Hz gain and composes by elapsed time
ok 17 - camera coefficient preserves the 60 Hz gain and composes by elapsed time
  ---
  duration_ms: 3.814
  type: 'test'
  ...
# Subtest: actual animal-follow method has equal 20/60/120 Hz half-second response without advancing simulation
ok 18 - actual animal-follow method has equal 20/60/120 Hz half-second response without advancing simulation
  ---
  duration_ms: 7.7778
  type: 'test'
  ...
# Subtest: real OrbitControls pending pan damps consistently at 20/60/120 Hz
ok 19 - real OrbitControls pending pan damps consistently at 20/60/120 Hz
  ---
  duration_ms: 7.6263
  type: 'test'
  ...
# Subtest: time-aware OrbitControls restores its damping setting even when update throws
ok 20 - time-aware OrbitControls restores its damping setting even when update throws
  ---
  duration_ms: 1.0523
  type: 'test'
  ...
# Subtest: all imported-scene animal requests select the model and never restore hidden follow state
ok 21 - all imported-scene animal requests select the model and never restore hidden follow state
  ---
  duration_ms: 6.8502
  type: 'test'
  ...
# Subtest: bound imported pond views keep the bound water center
ok 22 - bound imported pond views keep the bound water center
  ---
  duration_ms: 2.4043
  type: 'test'
  ...
# Subtest: hidden ancestors cancel animal and fish follow before reading their target
ok 23 - hidden ancestors cancel animal and fish follow before reading their target
  ---
  duration_ms: 0.85
  type: 'test'
  ...
# Subtest: actual animal picking selects visible actor geometry and respects a nearer opaque blocker
ok 24 - actual animal picking selects visible actor geometry and respects a nearer opaque blocker
  ---
  duration_ms: 4.0616
  type: 'test'
  ...
# Subtest: transparent water shader and transparent material allow underwater turtle selection
ok 25 - transparent water shader and transparent material allow underwater turtle selection
  ---
  duration_ms: 2.8493
  type: 'test'
  ...
# Subtest: hidden ancestors and invisible materials never block actor rays
ok 26 - hidden ancestors and invisible materials never block actor rays
  ---
  duration_ms: 2.7931
  type: 'test'
  ...
# Subtest: actor body parts do not occlude their own actor and a farther blocker is ignored
ok 27 - actor body parts do not occlude their own actor and a farther blocker is ignored
  ---
  duration_ms: 1.2803
  type: 'test'
  ...
# Subtest: ray misses an opaque leaf silhouette instead of treating its bounding box as a blocker
ok 28 - ray misses an opaque leaf silhouette instead of treating its bounding box as a blocker
  ---
  duration_ms: 1.6093
  type: 'test'
  ...
# Subtest: world-space line thresholds neither enlarge actor click targets nor become false blockers
ok 29 - world-space line thresholds neither enlarge actor click targets nor become false blockers
  ---
  duration_ms: 2.664
  type: 'test'
  ...
# Subtest: actual selected triangle material determines occlusion for multi-material geometry
ok 30 - actual selected triangle material determines occlusion for multi-material geometry
  ---
  duration_ms: 1.0919
  type: 'test'
  ...
# Subtest: real OrbitControls starts on mouse press, but a stationary pond click preserves feeding and camera automation
ok 31 - real OrbitControls starts on mouse press, but a stationary pond click preserves feeding and camera automation
  ---
  duration_ms: 9.493
  type: 'test'
  ...
# Subtest: real one-finger touch at the 6px boundary remains a tap and keeps the feeding batch
ok 32 - real one-finger touch at the 6px boundary remains a tap and keeps the feeding batch
  ---
  duration_ms: 2.8687
  type: 'test'
  ...
# Subtest: dragging beyond 6px releases actual hand interaction and follow targets before OrbitControls updates the camera
ok 33 - dragging beyond 6px releases actual hand interaction and follow targets before OrbitControls updates the camera
  ---
  duration_ms: 2.1101
  type: 'test'
  ...
# Subtest: a drag returning to its starting point never becomes a tap and exits only once
ok 34 - a drag returning to its starting point never becomes a tap and exits only once
  ---
  duration_ms: 1.3307
  type: 'test'
  ...
# Subtest: wheel zoom releases feeding and camera automation while installed OrbitControls still zooms
ok 35 - wheel zoom releases feeding and camera automation while installed OrbitControls still zooms
  ---
  duration_ms: 2.0591
  type: 'test'
  ...
# Subtest: two-finger pinch releases feeding once and neither finger release creates a false tap
ok 36 - two-finger pinch releases feeding once and neither finger release creates a false tap
  ---
  duration_ms: 1.584
  type: 'test'
  ...
# Subtest: cancelled pointer cannot generate a stale click; a new pointer session works normally
ok 37 - cancelled pointer cannot generate a stale click; a new pointer session works normally
  ---
  duration_ms: 0.5506
  type: 'test'
  ...
# Subtest: cancelling one finger blocks a later false click from the remaining finger
ok 38 - cancelling one finger blocks a later false click from the remaining finger
  ---
  duration_ms: 0.6567
  type: 'test'
  ...
# Subtest: a wrong pointer id and a secondary mouse click cannot pick the pond
ok 39 - a wrong pointer id and a secondary mouse click cannot pick the pond
  ---
  duration_ms: 1.2784
  type: 'test'
  ...
# Subtest: manual dragging and wheel keep hand inspection visible while releasing automated camera movement
ok 40 - manual dragging and wheel keep hand inspection visible while releasing automated camera movement
  ---
  duration_ms: 1.3716
  type: 'test'
  ...
# Subtest: scene import validates ranges, finite numbers and known weather
ok 41 - scene import validates ranges, finite numbers and known weather
  ---
  duration_ms: 2.0978
  type: 'test'
  ...
# Subtest: experiment weights validate independently and do not enter persisted scene settings
ok 42 - experiment weights validate independently and do not enter persisted scene settings
  ---
  duration_ms: 3.335
  type: 'test'
  ...
# Subtest: pond boundary remains outside safe swimming domain at different scales
ok 43 - pond boundary remains outside safe swimming domain at different scales
  ---
  duration_ms: 4.2031
  type: 'test'
  ...
# Subtest: production context loss gates rendering and recovery retains active paused scene and feeding records
ok 44 - production context loss gates rendering and recovery retains active paused scene and feeding records
  ---
  duration_ms: 5.1651
  type: 'test'
  ...
# Subtest: context recovery honors page changes and user pause changes made while the context is lost
ok 45 - context recovery honors page changes and user pause changes made while the context is lost
  ---
  duration_ms: 1.0078
  type: 'test'
  ...
# Subtest: the first production loop after restoration discards elapsed lost time before the next active tick
ok 46 - the first production loop after restoration discards elapsed lost time before the next active tick
  ---
  duration_ms: 3.2645
  type: 'test'
  ...
# Subtest: GPU context recovery seeds current and previous ripple targets from their CPU time levels without resetting state
ok 47 - GPU context recovery seeds current and previous ripple targets from their CPU time levels without resetting state
  ---
  duration_ms: 5.1221
  type: 'test'
  ...
# Subtest: ripple recovery releases temporary GPU inputs and restores renderer state when a copy fails
ok 48 - ripple recovery releases temporary GPU inputs and restores renderer state when a copy fails
  ---
  duration_ms: 1.6257
  type: 'test'
  ...
# Subtest: production resize keeps the original SSAO cap and avoids all target reallocations at equal viewport sizes
ok 49 - production resize keeps the original SSAO cap and avoids all target reallocations at equal viewport sizes
  ---
  duration_ms: 4.6122
  type: 'test'
  ...
# Subtest: production status handler clears the context error overlay only after a restored notification
ok 50 - production status handler clears the context error overlay only after a restored notification
  ---
  duration_ms: 12.2502
  type: 'test'
  ...
# Subtest: partial experiment edits retain v5 defaults and independently control overlays
ok 51 - partial experiment edits retain v5 defaults and independently control overlays
  ---
  duration_ms: 2.4191
  type: 'test'
  ...
# Subtest: invalid edits reject without modifying the previous experiment
ok 52 - invalid edits reject without modifying the previous experiment
  ---
  duration_ms: 1.3249
  type: 'test'
  ...
# Subtest: replay duration is bounded and trajectory signature distinguishes observed movement
ok 53 - replay duration is bounded and trajectory signature distinguishes observed movement
  ---
  duration_ms: 5.2019
  type: 'test'
  ...
# Subtest: A and B use a common captured scenario while retaining changed B parameters
ok 54 - A and B use a common captured scenario while retaining changed B parameters
  ---
  duration_ms: 13.9518
  type: 'test'
  ...
# Subtest: same parameters reproduce the same trajectory signature and endpoint
ok 55 - same parameters reproduce the same trajectory signature and endpoint
  ---
  duration_ms: 3.4684
  type: 'test'
  ...
# Subtest: overlays draw applied directions and all three physical approximation spheres independently
ok 56 - overlays draw applied directions and all three physical approximation spheres independently
  ---
  duration_ms: 1.86
  type: 'test'
  ...
# Subtest: changed habitat invalidates comparisons and unbound model rejects replay capture
ok 57 - changed habitat invalidates comparisons and unbound model rejects replay capture
  ---
  duration_ms: 2.1557
  type: 'test'
  ...
# Subtest: pellet events distinguish release, water contact and final consumption without double counting
ok 58 - pellet events distinguish release, water contact and final consumption without double counting
  ---
  duration_ms: 7.4028
  type: 'test'
  ...
# Subtest: a delayed bite from an older batch cannot be credited to a newly started hand
ok 59 - a delayed bite from an older batch cannot be credited to a newly started hand
  ---
  duration_ms: 0.8293
  type: 'test'
  ...
# Subtest: expiration settles remaining food separately from successful consumption
ok 60 - expiration settles remaining food separately from successful consumption
  ---
  duration_ms: 0.2704
  type: 'test'
  ...
# Subtest: an early hand stop retains its partial batch until the released pellet settles
ok 61 - an early hand stop retains its partial batch until the released pellet settles
  ---
  duration_ms: 0.2975
  type: 'test'
  ...
# Subtest: clear invalidates old tokens and IDs without reusing an ID for the next batch
ok 62 - clear invalidates old tokens and IDs without reusing an ID for the next batch
  ---
  duration_ms: 0.5967
  type: 'test'
  ...
# Subtest: forged, foreign and malformed event tokens cannot mutate counters
ok 63 - forged, foreign and malformed event tokens cannot mutate counters
  ---
  duration_ms: 0.6386
  type: 'test'
  ...
# Subtest: returned values are isolated from internal accounting
ok 64 - returned values are isolated from internal accounting
  ---
  duration_ms: 0.8551
  type: 'test'
  ...
# Subtest: settled old batches are recycled while the newest and unresolved batches remain
ok 65 - settled old batches are recycled while the newest and unresolved batches remain
  ---
  duration_ms: 1.1459
  type: 'test'
  ...
# Subtest: invalid begin parameters and end reasons reject without changing an existing batch
ok 66 - invalid begin parameters and end reasons reject without changing an existing batch
  ---
  duration_ms: 3.355
  type: 'test'
  ...
# Subtest: actual koi release, freefall, mouth gate and swallow completion update the same feeding batch
ok 67 - actual koi release, freefall, mouth gate and swallow completion update the same feeding batch
  ---
  duration_ms: 314.7107
  type: 'test'
  ...
# Subtest: a real landed pellet expires through school update without increasing consumed totals
ok 68 - a real landed pellet expires through school update without increasing consumed totals
  ---
  duration_ms: 192.5905
  type: 'test'
  ...
# Subtest: actual early hand stop retains a partial batch across later hand inspection
ok 69 - actual early hand stop retains a partial batch across later hand inspection
  ---
  duration_ms: 1554.8851
  type: 'test'
  ...
# Subtest: the real hand state machine releases all six and marks natural withdrawal complete
ok 70 - the real hand state machine releases all six and marks natural withdrawal complete
  ---
  duration_ms: 1553.739
  type: 'test'
  ...
# Subtest: a zero-fish feed keeps the user setting and reports only real release and water feedback
ok 71 - a zero-fish feed keeps the user setting and reports only real release and water feedback
  ---
  duration_ms: 1368.9408
  type: 'test'
  ...
# Subtest: the release announcement follows fish count changes during the actual reach
ok 72 - the release announcement follows fish count changes during the actual reach
  ---
  duration_ms: 1258.352
  type: 'test'
  ...
# Subtest: school clearFood removes particle records and ledger history without reviving old tokens
ok 73 - school clearFood removes particle records and ledger history without reviving old tokens
  ---
  duration_ms: 146.862
  type: 'test'
  ...
# Subtest: an older batch swallowed through actual school code does not count toward the newer batch
ok 74 - an older batch swallowed through actual school code does not count toward the newer batch
  ---
  duration_ms: 137.169
  type: 'test'
  ...
# Subtest: a cumulative scene count cannot become a round that never started
ok 75 - a cumulative scene count cannot become a round that never started
  ---
  duration_ms: 2.6174
  type: 'test'
  ...
# Subtest: the hand reports its actual approach, pinch, release and withdrawal phases
ok 76 - the hand reports its actual approach, pinch, release and withdrawal phases
  ---
  duration_ms: 0.3899
  type: 'test'
  ...
# Subtest: released, landed, consumed, pending and expired counts remain distinct from the cumulative total
ok 77 - released, landed, consumed, pending and expired counts remain distinct from the cumulative total
  ---
  duration_ms: 0.2067
  type: 'test'
  ...
# Subtest: a paused hand retains its phase and counts while explicitly reporting stopped simulation
ok 78 - a paused hand retains its phase and counts while explicitly reporting stopped simulation
  ---
  duration_ms: 0.3444
  type: 'test'
  ...
# Subtest: an inactive page retains outstanding food without claiming simulation is advancing
ok 79 - an inactive page retains outstanding food without claiming simulation is advancing
  ---
  duration_ms: 0.5124
  type: 'test'
  ...
# Subtest: paused and inactive conditions are both reported even before a round exists
ok 80 - paused and inactive conditions are both reported even before a round exists
  ---
  duration_ms: 0.2528
  type: 'test'
  ...
# Subtest: ending the hand does not imply the released pellets have been consumed
ok 81 - ending the hand does not imply the released pellets have been consumed
  ---
  duration_ms: 0.3946
  type: 'test'
  ...
# Subtest: early hand cancellation reports unreleased pellets and preserves outstanding feedback
ok 82 - early hand cancellation reports unreleased pellets and preserves outstanding feedback
  ---
  duration_ms: 0.3027
  type: 'test'
  ...
# Subtest: consuming every released pellet after early stopping is not consuming the entire planned round
ok 83 - consuming every released pellet after early stopping is not consuming the entire planned round
  ---
  duration_ms: 1.0331
  type: 'test'
  ...
# Subtest: all pellets are described as consumed only after actual complete consumption
ok 84 - all pellets are described as consumed only after actual complete consumption
  ---
  duration_ms: 0.7786
  type: 'test'
  ...
# Subtest: expired food settles a round without being counted as swallowed food
ok 85 - expired food settles a round without being counted as swallowed food
  ---
  duration_ms: 0.7034
  type: 'test'
  ...
# Subtest: presentation is read-only and explains that retained records advance only after resuming
ok 86 - presentation is read-only and explains that retained records advance only after resuming
  ---
  duration_ms: 1.6511
  type: 'test'
  ...
# Subtest: feeding with zero fish explicitly observes release and landing without changing the zero-fish setting
ok 87 - feeding with zero fish explicitly observes release and landing without changing the zero-fish setting
  ---
  duration_ms: 0.3336
  type: 'test'
  ...
# Subtest: zero fish with pending food distinguishes new pursuit from a previously started swallow
ok 88 - zero fish with pending food distinguishes new pursuit from a previously started swallow
  ---
  duration_ms: 0.2246
  type: 'test'
  ...
# Subtest: switching to zero fish preserves a past fully consumed round and its counts
ok 89 - switching to zero fish preserves a past fully consumed round and its counts
  ---
  duration_ms: 0.2197
  type: 'test'
  ...
# Subtest: a zero-fish hand still withdrawing keeps both its phase and completed ingestion history
ok 90 - a zero-fish hand still withdrawing keeps both its phase and completed ingestion history
  ---
  duration_ms: 0.1888
  type: 'test'
  ...
# Subtest: omitted, null and positive fish counts preserve the previous presentation exactly
ok 91 - omitted, null and positive fish counts preserve the previous presentation exactly
  ---
  duration_ms: 2.081
  type: 'test'
  ...
# Subtest: zero-fish feedback keeps paused and inactive stop prefixes plus the current hand phase
ok 92 - zero-fish feedback keeps paused and inactive stop prefixes plus the current hand phase
  ---
  duration_ms: 0.3691
  type: 'test'
  ...
# Subtest: zero-fish expiry remains separate from previously consumed food
ok 93 - zero-fish expiry remains separate from previously consumed food
  ---
  duration_ms: 0.2926
  type: 'test'
  ...
# Subtest: zero fish before any round does not relabel earlier scene ingestion as the latest round
ok 94 - zero fish before any round does not relabel earlier scene ingestion as the latest round
  ---
  duration_ms: 0.233
  type: 'test'
  ...
# Subtest: feeding feedback starts hidden and records a real round independently of cumulative swallow count
ok 95 - feeding feedback starts hidden and records a real round independently of cumulative swallow count
  ---
  duration_ms: 3.1688
  type: 'test'
  ...
# Subtest: pause and resume keep the current batch and toggle truthful pressed state
ok 96 - pause and resume keep the current batch and toggle truthful pressed state
  ---
  duration_ms: 1.1315
  type: 'test'
  ...
# Subtest: stop finishes only the hand and already released particles remain pending
ok 97 - stop finishes only the hand and already released particles remain pending
  ---
  duration_ms: 1.2047
  type: 'test'
  ...
# Subtest: repeat prepares an actual new feed and late old particles never appear in the new count
ok 98 - repeat prepares an actual new feed and late old particles never appear in the new count
  ---
  duration_ms: 1.3741
  type: 'test'
  ...
# Subtest: inspect and inactive-page observation retain the most recent round without claiming simulation runs
ok 99 - inspect and inactive-page observation retain the most recent round without claiming simulation runs
  ---
  duration_ms: 0.5645
  type: 'test'
  ...
# Subtest: reset, missing scene and unbound model hide the panel and stale actions cannot trigger feed
ok 100 - reset, missing scene and unbound model hide the panel and stale actions cannot trigger feed
  ---
  duration_ms: 0.7877
  type: 'test'
  ...
# Subtest: natural hand completion moves focus before its stop button is hidden
ok 101 - natural hand completion moves focus before its stop button is hidden
  ---
  duration_ms: 0.6151
  type: 'test'
  ...
# Subtest: snapshot detaches positions and headings from mutable scene nodes
ok 102 - snapshot detaches positions and headings from mutable scene nodes
  ---
  duration_ms: 2.6436
  type: 'test'
  ...
# Subtest: Boids separation steers close fish away, alignment/cohesion respond to neighbours
ok 103 - Boids separation steers close fish away, alignment/cohesion respond to neighbours
  ---
  duration_ms: 0.7332
  type: 'test'
  ...
# Subtest: Boids steering is invariant to neighbour update order
ok 104 - Boids steering is invariant to neighbour update order
  ---
  duration_ms: 0.5322
  type: 'test'
  ...
# Subtest: coincident fish get opposite finite separation; distant/deep fish do not repel
ok 105 - coincident fish get opposite finite separation; distant/deep fish do not repel
  ---
  duration_ms: 0.3445
  type: 'test'
  ...
# Subtest: signed shoreline distances and gradients point outward at every pond scale
ok 106 - signed shoreline distances and gradients point outward at every pond scale
  ---
  duration_ms: 7.9372
  type: 'test'
  ...
# Subtest: predictive shoreline steering reacts before the body crosses the bank
ok 107 - predictive shoreline steering reacts before the body crosses the bank
  ---
  duration_ms: 1.2025
  type: 'test'
  ...
# Subtest: turning follows the shortest wrapped angle and limits angular acceleration
ok 108 - turning follows the shortest wrapped angle and limits angular acceleration
  ---
  duration_ms: 0.8117
  type: 'test'
  ...
# Subtest: lowering turn limits brakes momentum gradually and dt=0 preserves orientation
ok 109 - lowering turn limits brakes momentum gradually and dt=0 preserves orientation
  ---
  duration_ms: 1.4672
  type: 'test'
  ...
# Subtest: three spine spheres detect head/tail overlap beyond root sphere radius
ok 110 - three spine spheres detect head/tail overlap beyond root sphere radius
  ---
  duration_ms: 0.8892
  type: 'test'
  ...
# Subtest: body collision is symmetric, bounded and reduces overlap
ok 111 - body collision is symmetric, bounded and reduces overlap
  ---
  duration_ms: 2.7685
  type: 'test'
  ...
# Subtest: coincident crowded fish resolve finitely without drifting the school centroid
ok 112 - coincident crowded fish resolve finitely without drifting the school centroid
  ---
  duration_ms: 3.1246
  type: 'test'
  ...
# Subtest: vertically separated bodies do not receive horizontal collision impulses
ok 113 - vertically separated bodies do not receive horizontal collision impulses
  ---
  duration_ms: 0.6616
  type: 'test'
  ...
# Subtest: float anchor moves in the prescribed wind direction with consistent timestep integration
ok 114 - float anchor moves in the prescribed wind direction with consistent timestep integration
  ---
  duration_ms: 3.6163
  type: 'test'
  ...
# Subtest: zero wind and zero time preserve the anchor; blocked drift cannot cross a bank
ok 115 - zero wind and zero time preserve the anchor; blocked drift cannot cross a bank
  ---
  duration_ms: 0.7099
  type: 'test'
  ...
# Subtest: advected material coordinate and world height sample agree while horizontal orbit changes
ok 116 - advected material coordinate and world height sample agree while horizontal orbit changes
  ---
  duration_ms: 24.1749
  type: 'test'
  ...
# Subtest: water transmission follows large canvas detail while distant reflection remains bounded
ok 117 - water transmission follows large canvas detail while distant reflection remains bounded
  ---
  duration_ms: 1.2053
  type: 'test'
  ...
# Subtest: water targets respect texture limits and cap extreme portrait allocation
ok 118 - water targets respect texture limits and cap extreme portrait allocation
  ---
  duration_ms: 1.2774
  type: 'test'
  ...
# Subtest: binding validates world polygon/water/obstacles and normalizes feed height without aliasing input
ok 119 - binding validates world polygon/water/obstacles and normalizes feed height without aliasing input
  ---
  duration_ms: 5.597
  type: 'test'
  ...
# Subtest: self crossing, repeated/touching edges, degenerate and oversized polygons are rejected
ok 120 - self crossing, repeated/touching edges, degenerate and oversized polygons are rejected
  ---
  duration_ms: 1.3167
  type: 'test'
  ...
# Subtest: invalid water/depth/feed/obstacle values fail before binding application
ok 121 - invalid water/depth/feed/obstacle values fail before binding application
  ---
  duration_ms: 1.8086
  type: 'test'
  ...
# Subtest: concave polygons classify their cutout correctly and accept the boundary
ok 122 - concave polygons classify their cutout correctly and accept the boundary
  ---
  duration_ms: 0.7509
  type: 'test'
  ...
# Subtest: polygon distance gradients stay outward for clockwise/counterclockwise and translated shorelines
ok 123 - polygon distance gradients stay outward for clockwise/counterclockwise and translated shorelines
  ---
  duration_ms: 0.4354
  type: 'test'
  ...
# Subtest: imported shoreline uses its world polygon and predicts avoidance before crossing
ok 124 - imported shoreline uses its world polygon and predicts avoidance before crossing
  ---
  duration_ms: 3.502
  type: 'test'
  ...
# Subtest: deterministic spawns fit whole three-ball footprints and avoid imported cylinders
ok 125 - deterministic spawns fit whole three-ball footprints and avoid imported cylinders
  ---
  duration_ms: 66.0753
  type: 'test'
  ...
# Subtest: projection remains inside concave shore and outside cylinders including a bank obstacle
ok 126 - projection remains inside concave shore and outside cylinders including a bank obstacle
  ---
  duration_ms: 3.8482
  type: 'test'
  ...
# Subtest: regions that cannot fit a fish footprint fail rather than silently spawning outside
ok 127 - regions that cannot fit a fish footprint fail rather than silently spawning outside
  ---
  duration_ms: 5.3191
  type: 'test'
  ...
# Subtest: debug body spheres match actual collision shape and predictive cylinders produce finite steering
ok 128 - debug body spheres match actual collision shape and predictive cylinders produce finite steering
  ---
  duration_ms: 1.2499
  type: 'test'
  ...
# Subtest: valid but undersized imported water is rejected before interrupting actual koi feeding or other scene state
ok 129 - valid but undersized imported water is rejected before interrupting actual koi feeding or other scene state
  ---
  duration_ms: 306.3787
  type: 'test'
  ...
# Subtest: undersized binding JSON preserves old habitat, calibration and active hand state
ok 130 - undersized binding JSON preserves old habitat, calibration and active hand state
  ---
  duration_ms: 211.1332
  type: 'test'
  ...
# Subtest: successful habitat commits exactly one koi reset and forwards canonical validated geometry to water
ok 131 - successful habitat commits exactly one koi reset and forwards canonical validated geometry to water
  ---
  duration_ms: 396.8201
  type: 'test'
  ...
# Subtest: actual experiment reset closes pending calibration through its API and restores verified endpoints
ok 132 - actual experiment reset closes pending calibration through its API and restores verified endpoints
  ---
  duration_ms: 187.5734
  type: 'test'
  ...
# Subtest: unavailable imported experiment reset rejects before cancelling calibration or stopping the hand
ok 133 - unavailable imported experiment reset rejects before cancelling calibration or stopping the hand
  ---
  duration_ms: 173.1113
  type: 'test'
  ...
# Subtest: courtyard experiment reset uses calibration cancellation without requiring an imported model
ok 134 - courtyard experiment reset uses calibration cancellation without requiring an imported model
  ---
  duration_ms: 171.7473
  type: 'test'
  ...
# Spine derivative: 7236 cases, maximum error 2.8414684534461276e-7
# Subtest: analytic traveling-wave and turn-bend slope matches central differences
ok 135 - analytic traveling-wave and turn-bend slope matches central differences
  ---
  duration_ms: 22.0053
  type: 'test'
  ...
# Subtest: mouth and anterior body receive no traveling-wave or turn displacement
ok 136 - mouth and anterior body receive no traveling-wave or turn displacement
  ---
  duration_ms: 0.4844
  type: 'test'
  ...
# Subtest: inverse-transpose normal stays perpendicular to deformed tangents
ok 137 - inverse-transpose normal stays perpendicular to deformed tangents
  ---
  duration_ms: 0.2577
  type: 'test'
  ...
# Subtest: a traveling-wave crest moves from positive-x head toward negative-x tail
ok 138 - a traveling-wave crest moves from positive-x head toward negative-x tail
  ---
  duration_ms: 0.8739
  type: 'test'
  ...
# Subtest: normal-correction experiment preserves shape while toggling the inverse transpose
ok 139 - normal-correction experiment preserves shape while toggling the inverse transpose
  ---
  duration_ms: 1.6387
  type: 'test'
  ...
# Subtest: concurrent scene loads share one initialization and retain the same scene
ok 140 - concurrent scene loads share one initialization and retain the same scene
  ---
  duration_ms: 2.3822
  type: 'test'
  ...
# Subtest: failed initialization releases its slot so a later shared attempt can succeed
ok 141 - failed initialization releases its slot so a later shared attempt can succeed
  ---
  duration_ms: 1.4733
  type: 'test'
  ...
# Subtest: an older first scene request cannot activate the hidden scene or overwrite the latest page hash
ok 142 - an older first scene request cannot activate the hidden scene or overwrite the latest page hash
  ---
  duration_ms: 7.3093
  type: 'test'
  ...
# Subtest: scene, another page, then scene reuse the pending constructor and honor the newest selection
ok 143 - scene, another page, then scene reuse the pending constructor and honor the newest selection
  ---
  duration_ms: 1.8829
  type: 'test'
  ...
# Subtest: a failed first scene attempt can retry even when its page remains selected
ok 144 - a failed first scene attempt can retry even when its page remains selected
  ---
  duration_ms: 1.8157
  type: 'test'
  ...
# Subtest: later page navigation retains the existing imported scene and simulation state
ok 145 - later page navigation retains the existing imported scene and simulation state
  ---
  duration_ms: 0.636
  type: 'test'
  ...
# Subtest: surface detail toggles every fish without changing anatomy, animation or seven styles
ok 146 - surface detail toggles every fish without changing anatomy, animation or seven styles
  ---
  duration_ms: 284.1318
  type: 'test'
  ...
# Subtest: r160 physical shader expands skin detail after motion normals and before lighting
ok 147 - r160 physical shader expands skin detail after motion normals and before lighting
  ---
  duration_ms: 190.9711
  type: 'test'
  ...
# Subtest: stone and foliage shader patches use existing r160 UV chunks with derivative filtering
ok 148 - stone and foliage shader patches use existing r160 UV chunks with derivative filtering
  ---
  duration_ms: 137.6173
  type: 'test'
  ...
# Subtest: appearance variation preserves all seven original floating support anchors and scale
ok 149 - appearance variation preserves all seven original floating support anchors and scale
  ---
  duration_ms: 150.2784
  type: 'test'
  ...
# Subtest: calibration computes absolute meters per original model unit independently of current wrapper scale
ok 150 - calibration computes absolute meters per original model unit independently of current wrapper scale
  ---
  duration_ms: 4.1955
  type: 'test'
  ...
# Subtest: calibration rejects coincident, nonfinite and out-of-model points
ok 151 - calibration rejects coincident, nonfinite and out-of-model points
  ---
  duration_ms: 1.2312
  type: 'test'
  ...
# Subtest: known lengths and unsupported scales reject without clipping
ok 152 - known lengths and unsupported scales reject without clipping
  ---
  duration_ms: 0.5341
  type: 'test'
  ...
# Subtest: calibration metadata must match the model, measured ratio and binding scale
ok 153 - calibration metadata must match the model, measured ratio and binding scale
  ---
  duration_ms: 0.9811
  type: 'test'
  ...
# Subtest: two-point selection uses real imported mesh intersections and stores unscaled model coordinates
ok 154 - two-point selection uses real imported mesh intersections and stores unscaled model coordinates
  ---
  duration_ms: 25.8602
  type: 'test'
  ...
# Subtest: a ray miss, invisible geometry or duplicate endpoint cannot supply a calibration point
ok 155 - a ray miss, invisible geometry or duplicate endpoint cannot supply a calibration point
  ---
  duration_ms: 6.5883
  type: 'test'
  ...
# Subtest: grouped meshes reject hidden material faces for picking and saved surface validation
ok 156 - grouped meshes reject hidden material faces for picking and saved surface validation
  ---
  duration_ms: 15.2983
  type: 'test'
  ...
# Subtest: applying scale invalidates old world-space habitat and restores the valid model-space measurement
ok 157 - applying scale invalidates old world-space habitat and restores the valid model-space measurement
  ---
  duration_ms: 9.9856
  type: 'test'
  ...
# Subtest: invalid calibration import or application leaves scale, habitat, point selection and camera untouched
ok 158 - invalid calibration import or application leaves scale, habitat, point selection and camera untouched
  ---
  duration_ms: 8.1968
  type: 'test'
  ...
# Subtest: calibration export/import roundtrips against the same model and refuses an unrelated GLB
ok 159 - calibration export/import roundtrips against the same model and refuses an unrelated GLB
  ---
  duration_ms: 6.2363
  type: 'test'
  ...
# Subtest: binding metadata carries calibration while legacy binding files remain compatible
ok 160 - binding metadata carries calibration while legacy binding files remain compatible
  ---
  duration_ms: 14.2945
  type: 'test'
  ...
# Subtest: legacy binding imports neither invent calibration nor retain a record for another model or scale
ok 161 - legacy binding imports neither invent calibration nor retain a record for another model or scale
  ---
  duration_ms: 15.2862
  type: 'test'
  ...
# Subtest: manual scaling, model clearing and mutually exclusive editing discard stale calibration records
ok 162 - manual scaling, model clearing and mutually exclusive editing discard stale calibration records
  ---
  duration_ms: 4.3326
  type: 'test'
  ...
# Subtest: calibration endpoints remain visible while selecting and awaiting known length even when habitat markers are hidden
ok 163 - calibration endpoints remain visible while selecting and awaiting known length even when habitat markers are hidden
  ---
  duration_ms: 4.0898
  type: 'test'
  ...
# Subtest: cancel restores the active calibration and habitat with zero, one or two draft endpoints
ok 164 - cancel restores the active calibration and habitat with zero, one or two draft endpoints
  ---
  duration_ms: 16.8683
  type: 'test'
  ...
# Subtest: Escape-equivalent setMode(null) and switching habitat modes cancel completed or partial calibration drafts
ok 165 - Escape-equivalent setMode(null) and switching habitat modes cancel completed or partial calibration drafts
  ---
  duration_ms: 21.8991
  type: 'test'
  ...
# Subtest: restarting a calibration draft keeps the original rollback record and exports only applied measurements
ok 166 - restarting a calibration draft keeps the original rollback record and exports only applied measurements
  ---
  duration_ms: 7.1158
  type: 'test'
  ...
# Subtest: invalid calibration applications and imports retain an editable pending draft and the old unit declaration
ok 167 - invalid calibration applications and imports retain an editable pending draft and the old unit declaration
  ---
  duration_ms: 5.3033
  type: 'test'
  ...
# Subtest: successful same-scale calibration and JSON import replace the record and cannot resurrect their backups
ok 168 - successful same-scale calibration and JSON import replace the record and cannot resurrect their backups
  ---
  duration_ms: 6.012
  type: 'test'
  ...
# Subtest: calibration clearing, model reset and manual scale changes discard pending backups permanently
ok 169 - calibration clearing, model reset and manual scale changes discard pending backups permanently
  ---
  duration_ms: 10.7821
  type: 'test'
  ...
# Subtest: legacy binding imports use the old applied calibration during pending edits and terminate drafts only on success
ok 170 - legacy binding imports use the old applied calibration during pending edits and terminate drafts only on success
  ---
  duration_ms: 4.8847
  type: 'test'
  ...
# Subtest: explicit binding metadata replaces pending calibration only after all data validates
ok 171 - explicit binding metadata replaces pending calibration only after all data validates
  ---
  duration_ms: 2.4337
  type: 'test'
  ...
# Subtest: draft cancellation without an older calibration remains uncalibrated and preserve-clear discards rollback state
ok 172 - draft cancellation without an older calibration remains uncalibrated and preserve-clear discards rollback state
  ---
  duration_ms: 2.7416
  type: 'test'
  ...
# Subtest: successful habitat operations terminate pending calibration while retaining the applied unit declaration
ok 173 - successful habitat operations terminate pending calibration while retaining the applied unit declaration
  ---
  duration_ms: 9.5166
  type: 'test'
  ...
# Subtest: a valid unbound model and return to courtyard clear feeding without rewinding courtyard settings or time
ok 174 - a valid unbound model and return to courtyard clear feeding without rewinding courtyard settings or time
  ---
  duration_ms: 2104.6904
  type: 'test'
  ...
# Subtest: successful replacement of an imported model clears the previous feeding context
ok 175 - successful replacement of an imported model clears the previous feeding context
  ---
  duration_ms: 1453.6017
  type: 'test'
  ...
# Subtest: invalid files, loader parse failures and empty geometry preserve the old live batch and model
ok 176 - invalid files, loader parse failures and empty geometry preserve the old live batch and model
  ---
  duration_ms: 1285.3589
  type: 'test'
  ...
# Subtest: digest failure after successful parsing preserves the entire previous context
ok 177 - digest failure after successful parsing preserves the entire previous context
  ---
  duration_ms: 1223.8777
  type: 'test'
  ...
# Subtest: repeated clearModel in the program courtyard leaves the ongoing batch and hand untouched
ok 178 - repeated clearModel in the program courtyard leaves the ongoing batch and hand untouched
  ---
  duration_ms: 1137.8616
  type: 'test'
  ...
# Subtest: removing an actual bound habitat retains the existing food and ledger reset semantics
ok 179 - removing an actual bound habitat retains the existing food and ledger reset semantics
  ---
  duration_ms: 1106.1811
  type: 'test'
  ...
# Subtest: actual renderInterpolated freezes near and distant water after synchronizing shadows while main rendering continues
ok 180 - actual renderInterpolated freezes near and distant water after synchronizing shadows while main rendering continues
  ---
  duration_ms: 106.4274
  type: 'test'
  ...
# Subtest: context recovery invalidates frozen water before the first real resumed render and then stabilizes again
ok 181 - context recovery invalidates frozen water before the first real resumed render and then stabilizes again
  ---
  duration_ms: 18.1945
  type: 'test'
  ...
# Subtest: actual renderInterpolated with real paused animals stabilizes water without changing turtle limb poses
ok 182 - actual renderInterpolated with real paused animals stabilizes water without changing turtle limb poses
  ---
  duration_ms: 6245.8492
  type: 'test'
  ...
# Subtest: paused camera damping, projection, resize and revision changes still refresh actual water passes
ok 183 - paused camera damping, projection, resize and revision changes still refresh actual water passes
  ---
  duration_ms: 8.9789
  type: 'test'
  ...
# Subtest: paused zero-step pose changes, parent transforms, geometry swaps and visibility invalidate actual water output
ok 184 - paused zero-step pose changes, parent transforms, geometry swaps and visibility invalidate actual water output
  ---
  duration_ms: 15.7737
  type: 'test'
  ...
# Subtest: normal correction, other fish material inputs and water debug changes refresh despite unchanged pose uniforms
ok 185 - normal correction, other fish material inputs and water debug changes refresh despite unchanged pose uniforms
  ---
  duration_ms: 20.8008
  type: 'test'
  ...
# Subtest: identical waterfall positions may be uploaded every paused frame without forcing new water passes
ok 186 - identical waterfall positions may be uploaded every paused frame without forcing new water passes
  ---
  duration_ms: 11.384
  type: 'test'
  ...
# Subtest: loaded textures, material values, direct lights and authored setting changes invalidate frozen water
ok 187 - loaded textures, material values, direct lights and authored setting changes invalidate frozen water
  ---
  duration_ms: 17.0883
  type: 'test'
  ...
# Subtest: explicit frozen rendering records cache context and water-domain changes already advance the pass revision
ok 188 - explicit frozen rendering records cache context and water-domain changes already advance the pass revision
  ---
  duration_ms: 21.2907
  type: 'test'
  ...
# Subtest: returning from a model invalidates water even before the camera transition moves
ok 189 - returning from a model invalidates water even before the camera transition moves
  ---
  duration_ms: 10.1385
  type: 'test'
  ...
# Subtest: resume refreshes immediately and active near/distant cadence bypasses paused snapshot work
ok 190 - resume refreshes immediately and active near/distant cadence bypasses paused snapshot work
  ---
  duration_ms: 13.6882
  type: 'test'
  ...
# Subtest: Three transparent DoubleSide render bookkeeping cannot invalidate an unchanged frozen scene
ok 191 - Three transparent DoubleSide render bookkeeping cannot invalidate an unchanged frozen scene
  ---
  duration_ms: 11.9745
  type: 'test'
  ...
# Subtest: shader definitions, extensions and source remain semantic inputs while uniform upload flags are ignored
ok 192 - shader definitions, extensions and source remain semantic inputs while uniform upload flags are ignored
  ---
  duration_ms: 12.0183
  type: 'test'
  ...
# Subtest: display interpolation blends pose and uniforms while restoring the current simulation
ok 193 - display interpolation blends pose and uniforms while restoring the current simulation
  ---
  duration_ms: 6.3488
  type: 'test'
  ...
# Subtest: world interpolation under nonuniform parents preserves affine shear and restores its exact matrix
ok 194 - world interpolation under nonuniform parents preserves affine shear and restores its exact matrix
  ---
  duration_ms: 2.7227
  type: 'test'
  ...
# Subtest: a failed render restores simulation poses and leaves reset history without an old transition
ok 195 - a failed render restores simulation poses and leaves reset history without an old transition
  ---
  duration_ms: 1.4287
  type: 'test'
  ...
# Subtest: frozen signatures compare content rather than newly allocated snapshot maps or buffer upload versions
ok 196 - frozen signatures compare content rather than newly allocated snapshot maps or buffer upload versions
  ---
  duration_ms: 3.4799
  type: 'test'
  ...
# Subtest: frozen signatures preserve node and geometry identity, visibility, transforms and scalar uniforms
ok 197 - frozen signatures preserve node and geometry identity, visibility, transforms and scalar uniforms
  ---
  duration_ms: 2.1224
  type: 'test'
  ...
# Subtest: frozen signatures detect raw affine matrix and snapshot time changes without changing their inputs
ok 198 - frozen signatures detect raw affine matrix and snapshot time changes without changing their inputs
  ---
  duration_ms: 0.434
  type: 'test'
  ...
# Subtest: a detached import disposes shared geometry, material arrays and repeated texture slots once
ok 199 - a detached import disposes shared geometry, material arrays and repeated texture slots once
  ---
  duration_ms: 4.1151
  type: 'test'
  ...
# Subtest: shared Three skeleton disposal releases its actual bone texture once and clears it
ok 200 - shared Three skeleton disposal releases its actual bone texture once and clears it
  ---
  duration_ms: 2.8644
  type: 'test'
  ...
# Subtest: texture clones, separate texture sources and cube faces close each owned ImageBitmap once
ok 201 - texture clones, separate texture sources and cube faces close each owned ImageBitmap once
  ---
  duration_ms: 1.7796
  type: 'test'
  ...
# Subtest: only confirmed ImageBitmap instances are closed, never video, canvas or objects spoofing its name
ok 202 - only confirmed ImageBitmap instances are closed, never video, canvas or objects spoofing its name
  ---
  duration_ms: 1.0461
  type: 'test'
  ...
# Subtest: texture arrays and structured shader uniforms are released without traversing arbitrary material metadata
ok 203 - texture arrays and structured shader uniforms are released without traversing arbitrary material metadata
  ---
  duration_ms: 1.2198
  type: 'test'
  ...
# Subtest: later disposal calls release newly assigned resources instead of retaining a global disposed registry
ok 204 - later disposal calls release newly assigned resources instead of retaining a global disposed registry
  ---
  duration_ms: 0.719
  type: 'test'
  ...
# Subtest: environments without ImageBitmap still release textures and preserve unrecognized image data
ok 205 - environments without ImageBitmap still release textures and preserve unrecognized image data
  ---
  duration_ms: 0.6935
  type: 'test'
  ...
# Subtest: a centred impulse is radial and the next stencil propagates height to its neighbours
ok 206 - a centred impulse is radial and the next stencil propagates height to its neighbours
  ---
  duration_ms: 8.4385
  type: 'test'
  ...
# Subtest: bank mask keeps land exactly dry and the stencil reflects instead of draining into it
ok 207 - bank mask keeps land exactly dry and the stencil reflects instead of draining into it
  ---
  duration_ms: 0.9552
  type: 'test'
  ...
# Subtest: sampling uses the same pixel-centre bilinear convention as the GPU texture
ok 208 - sampling uses the same pixel-centre bilinear convention as the GPU texture
  ---
  duration_ms: 0.498
  type: 'test'
  ...
# Subtest: fixed impulse schedule reproduces identical height and velocity fields
ok 209 - fixed impulse schedule reproduces identical height and velocity fields
  ---
  duration_ms: 45.4258
  type: 'test'
  ...
# Subtest: height and velocity remain bounded for a strong repeated disturbance
ok 210 - height and velocity remain bounded for a strong repeated disturbance
  ---
  duration_ms: 17.702
  type: 'test'
  ...
# Subtest: reset clears both ping-pong buffers and subsequent samples
ok 211 - reset clears both ping-pong buffers and subsequent samples
  ---
  duration_ms: 0.8634
  type: 'test'
  ...
# Subtest: rest-coordinate inverse sampling keeps local ripples aligned with Gerstner displacement
ok 212 - rest-coordinate inverse sampling keeps local ripples aligned with Gerstner displacement
  ---
  duration_ms: 2.2739
  type: 'test'
  ...
# Subtest: pasted native calibration and binding exports preserve exact floating-point data
ok 213 - pasted native calibration and binding exports preserve exact floating-point data
  ---
  duration_ms: 15.8612
  type: 'test'
  ...
# Subtest: blank, malformed, primitive and array JSON cannot reach domain import
ok 214 - blank, malformed, primitive and array JSON cannot reach domain import
  ---
  duration_ms: 1.3041
  type: 'test'
  ...
# Subtest: pasted UTF-8 byte limit also protects multibyte text
ok 215 - pasted UTF-8 byte limit also protects multibyte text
  ---
  duration_ms: 9.7815
  type: 'test'
  ...
# Subtest: focused canvas supports one-shot feed, stroke, pause and clean view with no page scroll
ok 216 - focused canvas supports one-shot feed, stroke, pause and clean view with no page scroll
  ---
  duration_ms: 4.2796
  type: 'test'
  ...
# Subtest: browser modifiers, composition, repeat and consumed events cannot trigger scene actions
ok 217 - browser modifiers, composition, repeat and consumed events cannot trigger scene actions
  ---
  duration_ms: 0.9812
  type: 'test'
  ...
# Subtest: typing, other control focus, dialogs, hidden tabs and lost rendering keep their own input
ok 218 - typing, other control focus, dialogs, hidden tabs and lost rendering keep their own input
  ---
  duration_ms: 0.6554
  type: 'test'
  ...
# Subtest: Escape exits the current scene task in priority order without interfering with editors
ok 219 - Escape exits the current scene task in priority order without interfering with editors
  ---
  duration_ms: 0.6726
  type: 'test'
  ...
# Subtest: pointer focus does not scroll and binding cleanup removes both event handlers
ok 220 - pointer focus does not scroll and binding cleanup removes both event handlers
  ---
  duration_ms: 0.5822
  type: 'test'
  ...
# Subtest: 5/20/60/120 Hz render schedules advance exactly the same fixed ticks
ok 221 - 5/20/60/120 Hz render schedules advance exactly the same fixed ticks
  ---
  duration_ms: 21.7078
  type: 'test'
  ...
# Subtest: sub-tick render frames retain fractional time and expose interpolation alpha
ok 222 - sub-tick render frames retain fractional time and expose interpolation alpha
  ---
  duration_ms: 0.7975
  type: 'test'
  ...
# Subtest: pause and inactive intervals clear fractional backlog without replaying it
ok 223 - pause and inactive intervals clear fractional backlog without replaying it
  ---
  duration_ms: 0.4036
  type: 'test'
  ...
# Subtest: a long stall has bounded work and explicitly accounts for discarded time
ok 224 - a long stall has bounded work and explicitly accounts for discarded time
  ---
  duration_ms: 0.5552
  type: 'test'
  ...
# Subtest: reset restores clock counters and invalid durations fail before ticking
ok 225 - reset restores clock counters and invalid durations fail before ticking
  ---
  duration_ms: 0.9169
  type: 'test'
  ...
# Subtest: advancement rate reports active realtime ticks, drops, and reset without including paused time
ok 226 - advancement rate reports active realtime ticks, drops, and reset without including paused time
  ---
  duration_ms: 1.0381
  type: 'test'
  ...
# Subtest: tail source follows spine phase and transforms equivariantly with heading and translation
ok 227 - tail source follows spine phase and transforms equivariantly with heading and translation
  ---
  duration_ms: 3.076
  type: 'test'
  ...
# Subtest: surface coupling suppresses stopped/deep fish and decreases continuously with immersion
ok 228 - surface coupling suppresses stopped/deep fish and decreases continuously with immersion
  ---
  duration_ms: 0.7919
  type: 'test'
  ...
# Subtest: tail dipole uses opposite sources and flips sign with each half stroke
ok 229 - tail dipole uses opposite sources and flips sign with each half stroke
  ---
  duration_ms: 0.4442
  type: 'test'
  ...
# Subtest: paired wake produces both crests and troughs in the shared difference field
ok 230 - paired wake produces both crests and troughs in the shared difference field
  ---
  duration_ms: 35.8524
  type: 'test'
  ...
# Subtest: a stationary distant water pass is reused for only one intervening frame
ok 231 - a stationary distant water pass is reused for only one intervening frame
  ---
  duration_ms: 1.1556
  type: 'test'
  ...
# Subtest: camera movement and projection changes refresh even on an otherwise skipped frame
ok 232 - camera movement and projection changes refresh even on an otherwise skipped frame
  ---
  duration_ms: 0.6455
  type: 'test'
  ...
# Subtest: resize and explicit invalidation force fresh water targets immediately
ok 233 - resize and explicit invalidation force fresh water targets immediately
  ---
  duration_ms: 0.2921
  type: 'test'
  ...
# Subtest: unchanged continuously paused water reuses near and distant views across any frame count
ok 234 - unchanged continuously paused water reuses near and distant views across any frame count
  ---
  duration_ms: 0.328
  type: 'test'
  ...
# Subtest: the first frozen frame and the first resumed frame refresh even within the active reuse cadence
ok 235 - the first frozen frame and the first resumed frame refresh even within the active reuse cadence
  ---
  duration_ms: 0.709
  type: 'test'
  ...
# Subtest: paused reuse requires a known identical content signature
ok 236 - paused reuse requires a known identical content signature
  ---
  duration_ms: 1.0228
  type: 'test'
  ...
# Subtest: camera, projection, viewport and revision invalidation remain mandatory for frozen water
ok 237 - camera, projection, viewport and revision invalidation remain mandatory for frozen water
  ---
  duration_ms: 0.5023
  type: 'test'
  ...
# Subtest: sphere framing fits its angular silhouette in both desktop and portrait view fields
ok 238 - sphere framing fits its angular silhouette in both desktop and portrait view fields
  ---
  duration_ms: 0.7421
  type: 'test'
  ...
# Subtest: a closed route does not count as visited until it is shown
ok 239 - a closed route does not count as visited until it is shown
  ---
  duration_ms: 4.0464
  type: 'test'
  ...
# Subtest: exit and continue retain position and visits, while restart creates a fresh route
ok 240 - exit and continue retain position and visits, while restart creates a fresh route
  ---
  duration_ms: 4.3691
  type: 'test'
  ...
# Subtest: forward and backward controls stop at the route edges
ok 241 - forward and backward controls stop at the route edges
  ---
  duration_ms: 1.0025
  type: 'test'
  ...
# Subtest: jumping records only displayed steps and supplies no verification or completion flag
ok 242 - jumping records only displayed steps and supplies no verification or completion flag
  ---
  duration_ms: 0.4259
  type: 'test'
  ...
# Subtest: invalid jumps preserve the active step and all previous visits
ok 243 - invalid jumps preserve the active step and all previous visits
  ---
  duration_ms: 1.5332
  type: 'test'
  ...
# Subtest: navigation while exited cannot silently resume or record an unseen step
ok 244 - navigation while exited cannot silently resume or record an unseen step
  ---
  duration_ms: 0.9949
  type: 'test'
  ...
# Subtest: consumer edits to snapshots cannot alter current or future navigation
ok 245 - consumer edits to snapshots cannot alter current or future navigation
  ---
  duration_ms: 1.1242
  type: 'test'
  ...
# {"waveDerivativeCases":990,"maxError":3.2460914511922567e-10}
# Subtest: Gerstner analytic tangents agree with displaced surface finite differences
ok 246 - Gerstner analytic tangents agree with displaced surface finite differences
  ---
  duration_ms: 38.6862
  type: 'test'
  ...
# Subtest: Floating surface height inverts the horizontal orbit of all four waves
ok 247 - Floating surface height inverts the horizontal orbit of all four waves
  ---
  duration_ms: 1.9089
  type: 'test'
  ...
# Subtest: Wave parameters use gravity dispersion and remain below surface folding limit
ok 248 - Wave parameters use gravity dispersion and remain below surface folding limit
  ---
  duration_ms: 0.3623
  type: 'test'
  ...
# Subtest: the principle feeding demo keeps zero fish and presents the real no-fish state
ok 249 - the principle feeding demo keeps zero fish and presents the real no-fish state
  ---
  duration_ms: 2.4342
  type: 'test'
  ...
# Subtest: the guided feeding step keeps zero fish instead of silently populating the pond
ok 250 - the guided feeding step keeps zero fish instead of silently populating the pond
  ---
  duration_ms: 3.2428
  type: 'test'
  ...
1..250
# tests 250
# suites 0
# pass 250
# fail 0
# cancelled 0
# skipped 0
# todo 0
# duration_ms 9459.3571
